regime A (equal widths): 4160 instances, violations of mid ranking: 0, max gap 0.00e+00
regime B (unequal):      4160 instances, mid ranking beaten in 1239 (29.8%), max gap 0.1549
regime B: lo ranking beaten in 1718 (41.3%); mid better than lo in 1190, lo better than mid in 436

top-5 counterexamples (unequal widths):
 n   wc_mid    wc_lo  wc_best  gap_vs_mid best_order                                                                         lo                                                      hi
 3 0.357939 0.357939 0.512835    0.154896      0 1 2                   0.697748425937238 0.47596022421347395 0.8511991279582151                            0.8278259191213946 0.98 0.98
 3 0.353196 0.353196 0.496385    0.143188      2 1 0                   0.7885281047485742 0.5718276069726566 0.7445029114198453              0.98 0.9597431459202184 0.7927443348766249
 3 0.402093 0.402093 0.536579    0.134486      1 2 0                  0.7819134997171111 0.6354425933918814 0.34389711859006306 0.8388755627378424 0.703579196958721 0.9216376918170315
 4 0.244657 0.234153 0.371732    0.127076    3 1 0 2 0.7062938187869446 0.679636832872411 0.7750177722124313 0.8201762653681446                       0.98 0.98 0.98 0.8734765753313913
 3 0.444734 0.559284 0.559284    0.114549      1 0 2                 0.43144852471381856 0.12012773492462282 0.6853941234720878              0.98 0.5537304832426811 0.7081609975416497

fraction of instances where ranking by (lo - c*width) attains the optimum: {0.0: 0.587, 0.25: 0.474, 0.5: 0.393, 0.75: 0.338, 1.0: 0.3, 1.5: 0.241, 2.0: 0.21}
regime B: optimum attained by some convex-combination ranking lo+c*(hi-lo), c in [0,1]: 94.3%
regime B gap_vs_mid by n (mean, max):
       mean       max  frac_beaten
n                                 
3  0.006442  0.154896     0.161333
4  0.005251  0.127076     0.254000
5  0.007227  0.076282     0.486250
6  0.006994  0.054237     0.590000
7  0.007747  0.041060     0.833333
regime B gap_vs_lo by n (mean, max):
       mean       max  frac_beaten
n                                 
3  0.020848  0.253194     0.248000
4  0.017183  0.189139     0.396667
5  0.021957  0.137911     0.590000
6  0.021125  0.157713     0.760000
7  0.019074  0.070302     0.850000
done in 227s
